<html>
<body>
<pre>
<h1>µVision Build Log</h1>
<h2>Tool Versions:</h2>
IDE-Version: µVision V5.33.0.0
Copyright (C) 2020 ARM Ltd and ARM Germany GmbH. All rights reserved.
License Information: Micha Stäbler, HS-Esslingen, LIC=----
 
Tool Versions:
Toolchain:       MDK-Lite  Version: 5.33.0.0
Toolchain Path:  C:\Keil_v5\ARM\ARMCC\Bin
C Compiler:      Armcc.exe V5.06 update 7 (build 960)
Assembler:       Armasm.exe V5.06 update 7 (build 960)
Linker/Locator:  ArmLink.exe V5.06 update 7 (build 960)
Library Manager: ArmAr.exe V5.06 update 7 (build 960)
Hex Converter:   FromElf.exe V5.06 update 7 (build 960)
CPU DLL:         SARMCM3.DLL V5.33.0.0
Dialog DLL:      DARMP1.DLL V1.27.0.0
Target DLL:      UL2CM3.DLL V1.163.9.0
Dialog DLL:      TARMP1.DLL V1.26.0.0
 
<h2>Project:</h2>
C:\Users\Micha Stäbler\OneDrive - bwedu\Studium Archiv\Desktop\LabTemplates_MPT_Sim\test_1\test_1.uvprojx
Project File Date:  03/16/2022

<h2>Output:</h2>
*** Using Compiler 'V5.06 update 7 (build 960)', folder: 'C:\Keil_v5\ARM\ARMCC\Bin'
Rebuild target 'Simulation'
compiling delay.c...
compiling GLCD_SPI_LPC1700.c...
compiling gpio.c...
compiling test_1.c...
test_1.c(44): warning:  #177-D: variable "RightStateBefore"  was declared but never referenced
  	int RightStateBefore = 0;
test_1.c(45): warning:  #177-D: variable "UpStateBefore"  was declared but never referenced
  	int UpStateBefore = 0;
test_1.c(46): warning:  #177-D: variable "DownStateBefore"  was declared but never referenced
  	int DownStateBefore = 0;
test_1.c(47): warning:  #177-D: variable "CenterStateBefore"  was declared but never referenced
  	int CenterStateBefore = 0;
test_1.c: 4 warnings, 0 errors
compiling led.c...
..\Peripherals\Source Files\led.c(221): warning:  #1-D: last line of file ends without a newline
  }
..\Peripherals\Source Files\led.c: 1 warning, 0 errors
compiling GLCD_Simulation.c...
assembling startup_LPC17xx.s...
compiling keys.c...
compiling system_LPC17xx.c...
linking...
Program Size: Code=14104 RO-data=252 RW-data=80 ZI-data=768  
".\test.axf" - 0 Error(s), 5 Warning(s).

<h2>Software Packages used:</h2>

Package Vendor: ARM
                http://www.keil.com/pack/ARM.CMSIS.5.8.0.pack
                ARM.CMSIS.5.8.0
                CMSIS (Common Microcontroller Software Interface Standard)
   * Component: CORE Version: 5.5.0

Package Vendor: Keil
                http://www.keil.com/pack/Keil.LPC1700_DFP.2.7.1.pack
                Keil.LPC1700_DFP.2.7.1
                NXP LPC1700 Series Device Support, Drivers and Examples for MCB1700 and LPC1788-32
   * Component: Startup Version: 1.0.0

<h2>Collection of Component include folders:</h2>
  .\RTE\Device\LPC1769
  .\RTE\_Simulation
  C:\Users\Micha Stäbler\AppData\Local\Arm\Packs\ARM\CMSIS\5.8.0\CMSIS\Core\Include
  C:\Users\Micha Stäbler\AppData\Local\Arm\Packs\Keil\LPC1700_DFP\2.7.1\Device\Include

<h2>Collection of Component Files used:</h2>

   * Component: ARM::CMSIS:CORE:5.5.0

   * Component: Keil::Device:Startup:1.0.0
      Include file:  RTE_Driver\Config\RTE_Device.h
      Source file:   Device\Source\ARM\startup_LPC17xx.s
      Include file:  Device\Include\LPC17xx.h
      Source file:   Device\Source\system_LPC17xx.c
Build Time Elapsed:  00:00:01
</pre>
</body>
</html>
